[members.emptyfaces.com/index.html]
[backblue.gif]
[fade.gif]
[index.html]
[images.squarespace-cdn.com/content/59fac3b364b05ffdd0f5c696/1525754486698-2JP6BTEEZY1CHUF7G86B/EmptyFaces5d45.png]
[assets.squarespace.com/@sqs/polyfiller/1.6/legacy.js]
[assets.squarespace.com/universal/scripts-compressed/extract-css-runtime-707bcde5a78e130f-min.en-US.js]
[assets.squarespace.com/universal/scripts-compressed/cldr-resource-pack-df5ccf33ff79f35b-min.en-US.js]
[assets.squarespace.com/@sqs/polyfiller/1.6/modern.js]
[assets.squarespace.com/universal/scripts-compressed/extract-css-moment-js-vendor-088ec0120fdbcfed-min.en-US.js]
[assets.squarespace.com/universal/scripts-compressed/common-vendors-stable-54bab8bb8a15366b-min.en-US.js]
[assets.squarespace.com/universal/styles-compressed/user-account-core-eb63eb0b4f42a565-min.en-US.css]
[assets.squarespace.com/universal/scripts-compressed/performance-a7ffd8cea277327c-min.en-US.js]
[assets.squarespace.com/universal/scripts-compressed/user-account-core-b681ea1466c80496-min.en-US.js]
[members.emptyfaces.com/membersa409]
[ajax.googleapis.com/ajax/libs/jquery/1/jquery.min.js]
[static1.squarespace.com/static/sitecss/59fac3b364b05ffdd0f5c696/100/5af0e6d9352f5332c5093ddc/5af0e6d9352f5332c5093dde/0/site.css]
[cdn.shopify.com/s/files/1/1792/2631/t/23/assets/jquery.countdown.minc589.js]
[assets.squarespace.com/universal/scripts-compressed/common-vendors-1d072c85ca81eec1-min.en-US.js]
[www.usefomo.com/api/v1/EvuDrlqBzU4cyxmhKnd7Ow/load.js]
[assets.squarespace.com/universal/scripts-compressed/common-f88392418d962158-min.en-US.js]
[definitions.sqspcdn.com/website-component-definition/static-assets/website.components.spacer/179dffa7-d94b-4154-a45c-99e57a488229_22/website.components.spacer.visitor.js]
[images.squarespace-cdn.com/content/v1/59fac3b364b05ffdd0f5c696/1525754486698-2JP6BTEEZY1CHUF7G86B/EmptyFaces26f7.png]
[images.squarespace-cdn.com/content/v1/59fac3b364b05ffdd0f5c696/1516640581953-YNORPTI2WTUM3QYGEIAI/shutterstock_785887264.jpg]
[members.emptyfaces.com/getting-started.html]
[images.squarespace-cdn.com/content/v1/59fac3b364b05ffdd0f5c696/1516984913419-99FKDVX3R9WUV4M0PHRZ/shutterstock_317022821.jpg]
[images.squarespace-cdn.com/content/v1/59fac3b364b05ffdd0f5c696/1516635831250-SMJUA63LBRSTUE6MK7NL/Screen+Shot+2018-01-22+at+10.43.26+AM.png]
[members.emptyfaces.com/recaps.html]
[members.emptyfaces.com/facebook-group.html]
[images.squarespace-cdn.com/content/v1/59fac3b364b05ffdd0f5c696/1516719729251-GLXO0IX5VZWN0GUVPUPD/Screen+Shot+2018-01-23+at+10.01.47+AM.png]
[members.emptyfaces.com/privacy.html]
[members.emptyfaces.com/press.html]
[members.emptyfaces.com/terms-and-conditions.html]
[members.emptyfaces.com/contact-us.html]
[static1.squarespace.com/static/ta/59fac3b364b05ffdd0f5c696/0/scripts/site-bundle.js]
[members.emptyfaces.com/index.html]
[assets.squarespace.com/universal/styles-compressed/user-account-core-eb63eb0b4f42a565-min.en-US.css]
[assets.squarespace.com/universal/images-v6/damask/error-dark.png]
[assets.squarespace.com/universal/images-v6/damask/error-dark@2x.png]
[assets.squarespace.com/universal/images-v6/damask/play-button.png]
[acsbapp.com/apps/app/dist/js/app.js]
[assets.squarespace.com/universal/images-v6/damask/play-button@2x.png]
[assets.squarespace.com/universal/images-v6/damask/edit-aviary-light.png]
[assets.squarespace.com/universal/images-v6/damask/edit-aviary-light@2x.png]
[assets.squarespace.com/universal/images-v6/damask/edit-info-light.png]
[assets.squarespace.com/universal/images-v6/damask/edit-info-light@2x.png]
[assets.squarespace.com/universal/images-v6/damask/trash-9-light.png]
[assets.squarespace.com/universal/images-v6/damask/trash-9-light@2x.png]
[assets.squarespace.com/universal/images-v6/damask/trash-9-red.png]
[assets.squarespace.com/universal/images-v6/damask/trash-9-red@2x.png]
[assets.squarespace.com/universal/images-v6/damask/getty-16-light.png]
[assets.squarespace.com/universal/images-v6/damask/getty-32-light.png]
[assets.squarespace.com/universal/images-v6/damask/shopping-cart-16-light.png]
[assets.squarespace.com/universal/images-v6/damask/shopping-cart-32-light.png]
[assets.squarespace.com/universal/images-v6/icons/block-indicator-dark.png]
[assets.squarespace.com/universal/images-v6/icons/block-indicator-dark@2x.png]
[assets.squarespace.com/universal/images-v6/icons/opentable-icons.png]
[assets.squarespace.com/universal/images-v6/icons/icon-searchqueries-20-dark.png]
[assets.squarespace.com/universal/images-v6/icons/icon-searchqueries-20-light.png]
[assets.squarespace.com/universal/images-v6/icons/icon-video-24-light-solid.png]
[assets.squarespace.com/universal/images-v6/damask/image-inside-64-dark.png]
[assets.squarespace.com/universal/images-v6/damask/image-inside-128-dark.png]
[assets.squarespace.com/universal/images-v6/standard/icon_close_7_light.png]
[assets.squarespace.com/universal/images-v6/icons/icon-settings-16-light.png]
[static1.squarespace.com/static/sitecss/59fac3b364b05ffdd0f5c696/100/5af0e6d9352f5332c5093ddc/5af0e6d9352f5332c5093dde/0/site.css]
[www.googletagmanager.com/gtm5445.html]
[definitions.sqspcdn.com/website-component-definition/static-assets/website.components.spacer/179dffa7-d94b-4154-a45c-99e57a488229_22/website.components.spacer.styles.css]
[members.emptyfaces.com/getting-starteda409]
[members.emptyfaces.com/_/www.youtube.com/embed/3VjXXnt8zyI.478344.delayed]
[members.emptyfaces.com/getting-started.html]
[members.emptyfaces.com/coopers-rock-curiosities-recap.html]
[images.squarespace-cdn.com/content/v1/59fac3b364b05ffdd0f5c696/1544727557105-BI8CV8YS14XFM4XWD4SI/Image+from+iOS+(8).jpg]
[members.emptyfaces.com/the-mine-episode-1-recap.4a.delayed]
[images.squarespace-cdn.com/content/v1/59fac3b364b05ffdd0f5c696/1542145521426-KN75AK7C4OOQF80MCU8Q/EFS3_RecapImg_ep1.png]
[members.emptyfaces.com/the-mine-episode-2-recap.4c.delayed]
[images.squarespace-cdn.com/content/v1/59fac3b364b05ffdd0f5c696/1543974630102-TY0SYQ9KFF6KMSR4OOH0/EFS3_RecapImg_ep2.png]
[members.emptyfaces.com/the-mine-episode-3-recap.4e.delayed]
[images.squarespace-cdn.com/content/v1/59fac3b364b05ffdd0f5c696/1547756241899-SO9M3CJ5IC2AJZETL2HQ/EFS3_RecapImg_ep3.png]
[members.emptyfaces.com/the-mine-episode-4-recap.50.delayed]
[images.squarespace-cdn.com/content/v1/59fac3b364b05ffdd0f5c696/1549998080732-IHRD1NNME3EG77CX9QV9/Screen+Shot+2019-02-12+at+2.00.59+PM.png]
[members.emptyfaces.com/the-mine-episode-5-recap.52.delayed]
[images.squarespace-cdn.com/content/v1/59fac3b364b05ffdd0f5c696/1552506556636-4S0GKAW8LGVCQHTK14NI/Screen+Shot+2019-03-13+at+3.49.10+PM.png]
[images.squarespace-cdn.com/content/v1/59fac3b364b05ffdd0f5c696/1529084910944-WQHSTGLG76BYBMYJEQ3L/EF2_Recap_1.jpg]
[images.squarespace-cdn.com/content/v1/59fac3b364b05ffdd0f5c696/1529084910956-QMN6WFQZ867VPALT4710/EF2_Recap_2.jpg]
[images.squarespace-cdn.com/content/v1/59fac3b364b05ffdd0f5c696/1529084911692-WTGO2D4SVWX5R0USTL79/EF2_Recap_3.jpg]
[members.emptyfaces.com/the-mountain-episode-4-recap.57.delayed]
[images.squarespace-cdn.com/content/v1/59fac3b364b05ffdd0f5c696/1529084911808-1SB7437KNTYLUKA96TCV/EF2_Recap_4.jpg]
[members.emptyfaces.com/the-mountain-episode-5-recap.59.delayed]
[images.squarespace-cdn.com/content/v1/59fac3b364b05ffdd0f5c696/1529084912375-DXRJIHKIMJC61QI0462C/EF2_Recap_5.jpg]
[members.emptyfaces.com/the-woods-episode-1-recap.5b.delayed]
[images.squarespace-cdn.com/content/v1/59fac3b364b05ffdd0f5c696/1516898907136-YIGYZP54BYB0UO9R30F1/EF_Recap_1.jpg]
[members.emptyfaces.com/the-woods-episode-2-recap.5d.delayed]
[images.squarespace-cdn.com/content/v1/59fac3b364b05ffdd0f5c696/1516898922288-09S12GJKABA3UTBU5CGT/EF_Recap_2.jpg]
[members.emptyfaces.com/the-woods-episode-3-recap.5f.delayed]
[images.squarespace-cdn.com/content/v1/59fac3b364b05ffdd0f5c696/1516898991425-30QO2OCBKWIX765HA5RS/EF_Recap_3.jpg]
[members.emptyfaces.com/the-woods-episode-4-recap.61.delayed]
[images.squarespace-cdn.com/content/v1/59fac3b364b05ffdd0f5c696/1516899004874-WBRYAQ3OFZNGS07MCPZF/EF_Recap_4.jpg]
[members.emptyfaces.com/the-woods-episode-5-recap.63.delayed]
[images.squarespace-cdn.com/content/v1/59fac3b364b05ffdd0f5c696/1516899126285-K21566X6PT840JHEW9PD/EF_Recap_5.jpg]
[members.emptyfaces.com/demo-box.65.delayed]
[images.squarespace-cdn.com/content/v1/59fac3b364b05ffdd0f5c696/1535132713384-G6YBPB9Y6734MY2HTHED/EF_Recap_1.jpg]
[members.emptyfaces.com/recaps.html]
[images.squarespace-cdn.com/content/v1/59fac3b364b05ffdd0f5c696/1516720192418-9U7VJWP0RVYAN3OJ169N/Screen+Shot+2018-01-22+at+10.43.26+AM.png]
[members.emptyfaces.com/facebook-group.html]
[members.emptyfaces.com/privacy.html]
[images.squarespace-cdn.com/content/v1/59fac3b364b05ffdd0f5c696/1528733828623-KJV6UMQHNZ198O53EWYQ/theringer.png]
[images.squarespace-cdn.com/content/v1/59fac3b364b05ffdd0f5c696/1528734368861-UOBR0V56D3691PL30ZOT/bro_thumb_indiewire.jpg]
[images.squarespace-cdn.com/content/v1/59fac3b364b05ffdd0f5c696/1528734538115-YR9LU1UD2B4O6K5JWKU0/RightThisMinute-broadcast-logo-3D-2015-large.png]
[images.squarespace-cdn.com/content/v1/59fac3b364b05ffdd0f5c696/1528734684207-NVXF2P4RV1XYQT1IT5FO/dailymail.png]
[images.squarespace-cdn.com/content/v1/59fac3b364b05ffdd0f5c696/1528734802999-4HAV5RHK15IKVNU14655/PSBJ_Logo-1.jpg]
[images.squarespace-cdn.com/content/v1/59fac3b364b05ffdd0f5c696/1528734895183-48O5A1M24GBGRF59BX4G/Screen+Shot+2018-06-11+at+12.34.35+PM.png]
[members.emptyfaces.com/press.html]
[members.emptyfaces.com/terms-and-conditions.html]
[members.emptyfaces.com/contact-us.html]
[members.emptyfaces.com/_/www.youtube.com/embed/3VjXXnt8zyI9ae1.html]
[members.emptyfaces.com/_/www.youtube.com/embed/3VjXXnt8zyI8344.html]
[code.jquery.com/ui/1.10.4/themes/smoothness/jquery-ui.css]
[members.emptyfaces.com/coopers-rock-curiosities-recap.html]
[members.emptyfaces.com/the-mine-episode-1-recap.html]
[members.emptyfaces.com/the-mine-episode-2-recap.html]
[members.emptyfaces.com/the-mine-episode-3-recap.html]
[members.emptyfaces.com/the-mine-episode-4-recap.html]
[members.emptyfaces.com/the-mine-episode-5-recap.html]
[members.emptyfaces.com/the-mountain-episode-4-recap.html]
[members.emptyfaces.com/the-mountain-episode-5-recap.html]
[members.emptyfaces.com/the-woods-episode-1-recap.html]
[members.emptyfaces.com/the-woods-episode-2-recap.html]
[members.emptyfaces.com/the-woods-episode-3-recap.html]
[members.emptyfaces.com/the-woods-episode-4-recap.html]
[members.emptyfaces.com/the-woods-episode-5-recap.html]
[members.emptyfaces.com/demo-box.html]
[code.jquery.com/jquery-1.10.2.js]
[code.jquery.com/ui/1.10.4/jquery-ui.js]
[code.jquery.com/ui/1.10.4/themes/smoothness/images/animated-overlay.gif]
[code.jquery.com/ui/1.10.4/themes/smoothness/images/ui-bg_flat_75_ffffff_40x100.png]
[code.jquery.com/ui/1.10.4/themes/smoothness/images/ui-bg_highlight-soft_75_cccccc_1x100.png]
[code.jquery.com/ui/1.10.4/themes/smoothness/images/ui-bg_glass_75_e6e6e6_1x400.png]
[code.jquery.com/ui/1.10.4/themes/smoothness/images/ui-bg_glass_75_dadada_1x400.png]
[code.jquery.com/ui/1.10.4/themes/smoothness/images/ui-bg_glass_65_ffffff_1x400.png]
[code.jquery.com/ui/1.10.4/themes/smoothness/images/ui-bg_glass_55_fbf9ee_1x400.png]
[code.jquery.com/ui/1.10.4/themes/smoothness/images/ui-bg_glass_95_fef1ec_1x400.png]
[code.jquery.com/ui/1.10.4/themes/smoothness/images/ui-icons_222222_256x240.png]
[code.jquery.com/ui/1.10.4/themes/smoothness/images/ui-icons_888888_256x240.png]
[code.jquery.com/ui/1.10.4/themes/smoothness/images/ui-icons_454545_256x240.png]
[code.jquery.com/ui/1.10.4/themes/smoothness/images/ui-icons_2e83ff_256x240.png]
[code.jquery.com/ui/1.10.4/themes/smoothness/images/ui-icons_cd0a0a_256x240.png]
[code.jquery.com/ui/1.10.4/themes/smoothness/images/ui-bg_flat_0_aaaaaa_40x100.png]
[code.jquery.com/ui/1.10.4/themes/smoothness/jquery-ui.css]
